0      ST_STRENGTH
1      ST_PERCEPTION
2      ST_ENDURANCE
3      ST_CHARISMA
4      ST_INTELLECT
5      ST_AGILITY
6      ST_LUCK
7      ST_MAX_LIFE
8      ST_ACTION_POINTS
9      ST_ARMOR_CLASS
10     ST_MELEE_DAMAGE
11     ST_CARRY_WEIGHT
12     ST_SEQUENCE
13     ST_HEALING_RATE
14     ST_CRITICAL_CHANCE
15     ST_MAX_CRITICAL
30     ST_RADIATION_RESISTANCE
31     ST_POISON_RESISTANCE
64     ST_TOXIC
65     ST_RADIOACTIVE
66     ST_KILL_EXPERIENCE
67     ST_BODY_TYPE
68     ST_LOCOMOTION_TYPE
69     ST_DAMAGE_TYPE
70     ST_AGE
71     ST_GENDER
72     ST_CURRENT_HP
73     ST_POISONING_LEVEL
74     ST_RADIATION_LEVEL
75     ST_CURRENT_AP
76     ST_EXPERIENCE
77     ST_LEVEL
78     ST_UNSPENT_SKILL_POINTS
79     ST_UNSPENT_PERKS
80     ST_KARMA
81     ST_FOLLOW_CRIT
82     ST_REPLICATION_MONEY
83     ST_REPLICATION_COUNT
84     ST_REPLICATION_TIME
85     ST_RATE_OBJECT
86     ST_TURN_BASED_AC
87     ST_MAX_MOVE_AP
88     ST_MOVE_AP
89     ST_NPC_ROLE
101    ST_BONUS_LOOK
104    ST_DIALOG_ID
105    ST_AI_ID
106    ST_TEAM_ID
107    ST_BAG_ID
112    ST_BASE_CRTYPE
113    ST_DEAD_BLOCKER_ID
114    ST_CURRENT_ARMOR_PERK
115    ST_TALK_DISTANCE
116    ST_SCALE_FACTOR
131    ST_NEXT_REPLICATION_MAP
132    ST_NEXT_REPLICATION_ENTIRE

16     ST_NORMAL_ABSORB
17     ST_LASER_ABSORB
18     ST_FIRE_ABSORB
19     ST_PLASMA_ABSORB
20     ST_ELECTRO_ABSORB
21     ST_EMP_ABSORB
22     ST_EXPLODE_ABSORB
23     ST_NORMAL_RESIST
24     ST_LASER_RESIST
25     ST_FIRE_RESIST
26     ST_PLASMA_RESIST
27     ST_ELECTRO_RESIST
28     ST_EMP_RESIST
29     ST_EXPLODE_RESIST
# Deprecated
0      ST_STRENGHT
16     ST_INGURE_ABSORB
23     ST_INGURE_RESIST
22     ST_BLAST_ABSORB
29     ST_BLAST_RESIST

*200
0      SK_SMALL_GUNS
1      SK_BIG_GUNS
2      SK_ENERGY_WEAPONS
3      SK_UNARMED
4      SK_MELEE_WEAPONS
5      SK_THROWING
6      SK_FIRST_AID
7      SK_DOCTOR
8      SK_SNEAK
9      SK_LOCKPICK
10     SK_STEAL
11     SK_TRAPS
12     SK_SCIENCE
13     SK_REPAIR
14     SK_SPEECH
15     SK_BARTER
16     SK_GAMBLING
17     SK_OUTDOORSMAN

*260
0      KILL_MEN
1      KILL_WOMEN
2      KILL_CHILDREN
3      KILL_SUPER_MUTANT
4      KILL_GHOUL
5      KILL_BRAHMIN
6      KILL_RADSCORPION
7      KILL_RAT
8      KILL_FLOATER
9      KILL_CENTAUR
10     KILL_ROBOT
11     KILL_DOG
12     KILL_MANTI
13     KILL_DEADCLAW
14     KILL_PLANT
15     KILL_GECKO
16     KILL_ALIEN
17     KILL_GIANT_ANT
18     KILL_BIG_BAD_BOSS
# Deprecated
0      BT_MEN
1      BT_WOMEN
2      BT_CHILDREN
3      BT_SUPER_MUTANT
4      BT_GHOUL
5      BT_BRAHMIN
6      BT_RADSCORPION
7      BT_RAT
8      BT_FLOATER
9      BT_CENTAUR
10     BT_ROBOT
11     BT_DOG
12     BT_MANTI
13     BT_DEADCLAW
14     BT_PLANT
15     BT_GECKO
16     BT_ALIEN
17     BT_GIANT_ANT
18     BT_BIG_BAD_BOSS

*300
0      PE_BOOKWORM
1      PE_AWARENESS
2      PE_BONUS_HTH_ATTACKS
3      PE_BONUS_HTH_DAMAGE
4      PE_BONUS_MOVE
5      PE_BONUS_RANGED_DAMAGE
6      PE_BONUS_RATE_OF_FIRE
7      PE_EARLIER_SEQUENCE
8      PE_FASTER_HEALING
9      PE_MORE_CRITICALS
10     PE_NIGHT_VISION
12     PE_RAD_RESISTANCE
13     PE_TOUGHNESS
14     PE_STRONG_BACK
15     PE_SHARPSHOOTER
16     PE_SILENT_RUNNING
17     PE_SURVIVALIST
18     PE_MASTER_TRADER
19     PE_EDUCATED
20     PE_HEALER
21     PE_FORTUNE_FINDER
22     PE_BETTER_CRITICALS
23     PE_EMPATHY
24     PE_SLAYER
25     PE_SNIPER
26     PE_SILENT_DEATH
27     PE_ACTION_BOY
28     PE_MENTAL_BLOCK
29     PE_LIFEGIVER
30     PE_DODGER
31     PE_SNAKEATER
32     PE_MR_FIXIT
33     PE_MEDIC
34     PE_MASTER_THIEF
35     PE_SPEAKER
36     PE_HEAVE_HO
37     PE_FRIENDLY_FOE
38     PE_PICKPOCKET
39     PE_GHOST
40     PE_CULT_OF_PERSONALITY
41     PE_SCROUNGER
42     PE_EXPLORER
43     PE_FLOWER_CHILD
44     PE_PATHFINDER
45     PE_ANIMAL_FRIEND
46     PE_SCOUT
47     PE_MYSTERIOUS_STRANGER
48     PE_RANGER
49     PE_QUICK_POCKETS
50     PE_SMOOTH_TALKER
51     PE_SWIFT_LEARNER
52     PE_TAG
53     PE_MUTATE
80     PE_ADRENALINE_RUSH
81     PE_CAUTIOUS_NATURE
82     PE_COMPREHENSION
83     PE_DEMOLITION_EXPERT
84     PE_GAMBLER
85     PE_GAIN_STRENGTH
86     PE_GAIN_PERCEPTION
87     PE_GAIN_ENDURANCE
88     PE_GAIN_CHARISMA
89     PE_GAIN_INTELLIGENCE
90     PE_GAIN_AGILITY
91     PE_GAIN_LUCK
92     PE_HARMLESS
93     PE_HERE_AND_NOW
94     PE_HTH_EVADE
95     PE_KAMA_SUTRA_MASTER
96     PE_KARMA_BEACON
97     PE_LIGHT_STEP
98     PE_LIVING_ANATOMY
99     PE_MAGNETIC_PERSONALITY
100    PE_NEGOTIATOR
101    PE_PACK_RAT
102    PE_PYROMANIAC
103    PE_QUICK_RECOVERY
104    PE_SALESMAN
105    PE_STONEWALL
106    PE_THIEF
107    PE_WEAPON_HANDLING
108    PE_VAULT_CITY_TRAINING
117    PE_EXPERT_EXCREMENT
119    PE_JINXED_II
120    PE_TERMINATOR
130    PE_GECKO_SKINNING
131    PE_VAULT_CITY_INOCULATIONS
132    PE_DERMAL_IMPACT
133    PE_DERMAL_IMPACT_ENH
134    PE_PHOENIX_IMPLANTS
135    PE_PHOENIX_IMPLANTS_ENH
136    PE_NCR_PERCEPTION
137    PE_NCR_ENDURANCE
138    PE_NCR_BARTER
139    PE_NCR_REPAIR
140    PE_VAMPIRE_ACCURACY
141    PE_VAMPIRE_REGENERATION

*470
0      ADDICTION_NUKA_COLA
1      ADDICTION_BUFFOUT
2      ADDICTION_MENTATS
3      ADDICTION_PSYCHO
4      ADDICTION_RADAWAY
5      ADDICTION_JET
6      ADDICTION_TRAGIC
# Deprecated
0      PE_NUKA_COLA_ADDICTION
1      PE_BUFFOUT_ADDICTION
2      PE_MENTATS_ADDICTION
3      PE_PSYCHO_ADDICTION
4      PE_RADAWAY_ADDICTION
5      PE_JET_ADDICTION
6      PE_TRAGIC_ADDICTION

*480
0      KARMA_BERSERKER
1      KARMA_CHAMPION
2      KARMA_CHILDKILLER
3      KARMA_SEXPERT
4      KARMA_PRIZEFIGHTER
5      KARMA_GIGOLO
6      KARMA_GRAVE_DIGGER
7      KARMA_MARRIED
8      KARMA_PORN_STAR
9      KARMA_SLAVER
10     KARMA_VIRGIN_WASTES
11     KARMA_MAN_SALVATORE
12     KARMA_MAN_BISHOP
13     KARMA_MAN_MORDINO
14     KARMA_MAN_WRIGHT
15     KARMA_SEPARATED
16     KARMA_PEDOBEAR
17     KARMA_VC_GUARDSMAN

# Deprecated
0      PE_BERSERKER_KARMA
1      PE_CHAMPION_KARMA
2      PE_CHILDKILLER_KARMA
3      PE_SEXPERT_KARMA
4      PE_PRIZEFIGHTER_KARMA
5      PE_GIGOLO_KARMA
6      PE_GRAVE_DIGGER_KARMA
7      PE_MARRIED_KARMA
8      PE_PORN_STAR_KARMA
9      PE_SLAVER_KARMA
10     PE_VIRGIN_WASTES_KARMA
11     PE_MAN_SALVATORE_KARMA
12     PE_MAN_BISHOP_KARMA
13     PE_MAN_MORDINO_KARMA
14     PE_MAN_WRIGHT_KARMA
15     PE_SEPARATED_KARMA

*500
0      DAMAGE_POISONED
1      DAMAGE_RADIATED
2      DAMAGE_EYE
3      DAMAGE_RIGHT_ARM
4      DAMAGE_LEFT_ARM
5      DAMAGE_RIGHT_LEG
6      DAMAGE_LEFT_LEG
# Deprecated
0      PE_DAMAGE_POISONED
1      PE_DAMAGE_RADIATED
2      PE_DAMAGE_EYE
3      PE_DAMAGE_RIGHT_ARM
4      PE_DAMAGE_LEFT_ARM
5      PE_DAMAGE_RIGHT_LEG
6      PE_DAMAGE_LEFT_LEG

*510
0      MODE_HIDE
1      MODE_NO_STEAL
2      MODE_NO_BARTER
3      MODE_NO_ENEMY_STACK
4      MODE_NO_PVP
5      MODE_END_COMBAT
6      MODE_DEFAULT_COMBAT
7      MODE_NO_HOME
8      MODE_GECK
9      MODE_NO_FAVORITE_ITEM
10     MODE_NO_ITEM_GARBAGER
11     MODE_DLG_SCRIPT_BARTER
12     MODE_UNLIMITED_AMMO
13     MODE_NO_DROP
14     MODE_NO_LOOSE_LIMBS
15     MODE_DEAD_AGES
16     MODE_NO_HEAL
17     MODE_INVULNERABLE
18     MODE_NO_FLATTEN
19     MODE_SPECIAL_DEAD
20     MODE_RANGE_HTH
21     MODE_NO_KNOCK
22     MODE_NO_LOOT
23     MODE_NO_SUPPLY
24     MODE_NO_KARMA_ON_KILL
25     MODE_BARTER_ONLY_CASH
26     MODE_NO_PUSH
27     MODE_NO_UNARMED
28     MODE_NO_AIM
29     MODE_NO_WALK
30     MODE_NO_RUN
31     MODE_NO_TALK

*550
0      TRAIT_FAST_METABOLISM
1      TRAIT_BRUISER
2      TRAIT_SMALL_FRAME
3      TRAIT_ONE_HANDER
4      TRAIT_FINESSE
5      TRAIT_KAMIKAZE
6      TRAIT_HEAVY_HANDED
7      TRAIT_FAST_SHOT
8      TRAIT_BLOODY_MESS
9      TRAIT_JINXED
10     TRAIT_GOOD_NATURED
11     TRAIT_CHEM_RELIANT
12     TRAIT_CHEM_RESISTANT
13     TRAIT_SEX_APPEAL
14     TRAIT_SKILLED
15     TRAIT_NIGHT_PERSON
# Deprecated
0      PE_FAST_METABOLISM
1      PE_BRUISER
2      PE_SMALL_FRAME
3      PE_ONE_HANDER
4      PE_FINESSE
5      PE_KAMIKAZE
6      PE_HEAVY_HANDED
7      PE_FAST_SHOT
8      PE_BLOODY_MESS
9      PE_JINXED
10     PE_GOOD_NATURED
11     PE_CHEM_RELIANT
12     PE_CHEM_RESISTANT
13     PE_SEX_APPEAL
14     PE_SKILLED
15     PE_NIGHT_PERSON

*570
0      REPUTATION_DEN
1      REPUTATION_KLAMATH
2      REPUTATION_MODOC
3      REPUTATION_VAULT_CITY
4      REPUTATION_GECKO
5      REPUTATION_BROKEN_HILLS
6      REPUTATION_NEW_RENO
7      REPUTATION_SIERRA
8      REPUTATION_VAULT15
9      REPUTATION_NCR
10     REPUTATION_CATHEDRAL
11     REPUTATION_MARIPOSA
12     REPUTATION_REDDING
13     REPUTATION_SF
14     REPUTATION_NAVARRO
15     REPUTATION_ARROYO
16     REPUTATION_PRIMAL_TRIBE
17     REPUTATION_RANGERS
18     REPUTATION_VAULT13
19     REPUTATION_SACRAMENTO
# Deprecated
0      LOYALITY_DEN
1      LOYALITY_KLAMATH
2      LOYALITY_MODOC
3      LOYALITY_VAULT_CITY
4      LOYALITY_GECKO
5      LOYALITY_BROKEN_HILLS
6      LOYALITY_NEW_RENO
7      LOYALITY_SIERRA
8      LOYALITY_VAULT15
9      LOYALITY_NCR
10     LOYALITY_CATHEDRAL
11     LOYALITY_SAD
12     LOYALITY_REDDING
13     LOYALITY_SF
14     LOYALITY_NAVARRO
15     LOYALITY_ARROYO
16     LOYALITY_PRIMAL_TRIBE
17     LOYALITY_RANGERS
18     LOYALITY_VAULT13
19     LOYALITY_SACRAMENTO






